     ____
    / _  |   Frida 17.9.1 - A world-class dynamic instrumentation toolkit
   | (_| |
    > _  |   Commands:
   /_/ |_|       help      -> Displays the help system
   . . . .       object?   -> Display information about 'object'
   . . . .       exit/quit -> Exit
   . . . .
   . . . .   More info at https://frida.re/docs/home/
   . . . .
   . . . .   Connected to Android Emulator 5554 (id=emulator-5554)
Attaching...
Error: could not parse '/Users/daschultheiss/android/frida_dump_localization.py' line 1: unexpected end of string
    at <anonymous> (/frida/repl-1.js:1)
[Android Emulator 5554::PID::6838 ]-> Error: could not parse '/Users/daschultheiss/android/frida_dump_localization.py' line 1: unexpected end of string
    at <anonymous> (/frida/repl-1.js:1)
Error: could not parse '/Users/daschultheiss/android/frida_dump_localization.py' line 1: unexpected end of string
    at <anonymous> (/frida/repl-1.js:1)
Process terminated

Thank you for using Frida!
